---
source: src/token/tests.rs
expression: snapshot
---
SOURCE
//tokenize

// random unsupported symbols

$ @ ~ ! & ^ \ | '

0a       // ident

01       // int
0. 0.1e  // float

TOKENS
[
    Error("$", 43..44),
    Error("@", 45..46),
    Error("~", 47..48),
    Error("!", 49..50),
    Error("&", 51..52),
    Error("^", 53..54),
    Error("\\", 55..56),
    Error("|", 57..58),
    Error("'", 59..60),
    Integer("0", 62..63),
    Ident("a", 63..64),
    Integer("0", 81..82),
    Integer("1", 82..83),
    Integer("0", 97..98),
    Dot(".", 98..99),
    Float("0.1", 100..103),
    Ident("e", 103..104),
]
