---
source: src/token/tests.rs
expression: tokenize(&input)
---
[
    Ident("empty", 0..5),
    BraceL("{", 6..7),
    BraceR("}", 7..8),
    Ident("single_arg", 10..20),
    BraceL("{", 21..22),
    Ident("a", 22..23),
    Eq("=", 23..24),
    Ident("b", 24..25),
    BraceR("}", 25..26),
    Ident("single_arg_tc", 27..40),
    BraceL("{", 41..42),
    Ident("a", 42..43),
    Eq("=", 43..44),
    Ident("b", 44..45),
    Comma(",", 45..46),
    BraceR("}", 46..47),
    Ident("multi_arg", 49..58),
    BraceL("{", 59..60),
    Ident("a", 60..61),
    Eq("=", 61..62),
    Integer("0", 62..63),
    Comma(",", 63..64),
    Ident("b", 65..66),
    Eq("=", 66..67),
    Integer("1", 67..68),
    BraceR("}", 68..69),
    Ident("multi_arg_tc", 70..82),
    BraceL("{", 83..84),
    Ident("a", 84..85),
    Eq("=", 85..86),
    Integer("0", 86..87),
    Comma(",", 87..88),
    Ident("b", 89..90),
    Eq("=", 90..91),
    Integer("1", 91..92),
    Comma(",", 92..93),
    BraceR("}", 93..94),
    Ident("single_arg_inline", 96..113),
    BraceL("{", 114..115),
    Ident("a", 115..116),
    BraceR("}", 116..117),
    Ident("single_arg_inline_tc", 118..138),
    BraceL("{", 139..140),
    Ident("a", 140..141),
    Comma(",", 141..142),
    BraceR("}", 142..143),
    Ident("multi_arg_mixed", 145..160),
    BraceL("{", 161..162),
    Ident("a", 162..163),
    Eq("=", 163..164),
    Integer("0", 164..165),
    Comma(",", 165..166),
    Ident("b", 167..168),
    BraceR("}", 168..169),
    Ident("multi_arg_mixed_tc", 170..188),
    BraceL("{", 189..190),
    Ident("a", 190..191),
    Eq("=", 191..192),
    Integer("0", 192..193),
    Comma(",", 193..194),
    Ident("b", 195..196),
    Comma(",", 196..197),
    BraceR("}", 197..198),
    Ident("multi_arg_mixed2", 200..216),
    BraceL("{", 217..218),
    Ident("a", 218..219),
    Comma(",", 219..220),
    Ident("b", 221..222),
    Eq("=", 222..223),
    Integer("0", 223..224),
    BraceR("}", 224..225),
    Ident("multi_arg_mixed2_tc", 226..245),
    BraceL("{", 246..247),
    Ident("a", 247..248),
    Comma(",", 248..249),
    Ident("b", 250..251),
    Eq("=", 251..252),
    Integer("0", 252..253),
    Comma(",", 253..254),
    BraceR("}", 254..255),
    Ident("string_key", 257..267),
    BraceL("{", 268..269),
    String("\"a\"", 269..272),
    Eq("=", 272..273),
    Integer("0", 273..274),
    BraceR("}", 274..275),
    Ident("string_key_tc", 276..289),
    BraceL("{", 290..291),
    String("\"a\"", 291..294),
    Eq("=", 294..295),
    Integer("0", 295..296),
    Comma(",", 296..297),
    BraceR("}", 297..298),
    Ident("string_key_multi", 300..316),
    BraceL("{", 317..318),
    String("\"a\"", 318..321),
    Eq("=", 321..322),
    Integer("0", 322..323),
    Comma(",", 323..324),
    String("\"b\"", 325..328),
    Eq("=", 328..329),
    Integer("1", 329..330),
    BraceR("}", 330..331),
    Ident("string_key_multi_tc", 332..351),
    BraceL("{", 352..353),
    String("\"a\"", 353..356),
    Eq("=", 356..357),
    Integer("0", 357..358),
    Comma(",", 358..359),
    String("\"b\"", 360..363),
    Eq("=", 363..364),
    Integer("1", 364..365),
    Comma(",", 365..366),
    BraceR("}", 366..367),
]
