---
source: src/token/tests.rs
expression: snapshot
---
SOURCE
##tokenize

# random unsupported symbols

$ @ ~ ! & ^ \ | '

0a       # ident

01       # int
0. 0.1e  # float


TOKENS
[
    Error("$", 42..43),
    Error("@", 44..45),
    Error("~", 46..47),
    Error("!", 48..49),
    Error("&", 50..51),
    Error("^", 52..53),
    Error("\\", 54..55),
    Error("|", 56..57),
    Error("'", 58..59),
    Integer("0", 61..62),
    Ident("a", 62..63),
    Integer("0", 79..80),
    Integer("1", 80..81),
    Integer("0", 94..95),
    Dot(".", 95..96),
    Float("0.1", 97..100),
    Ident("e", 100..101),
]
