---
source: src/token/tests.rs
expression: tokenize(&input)
---
[
    Fn("fn", 0..2),
    Ident("test", 3..7),
    ParenL("(", 7..8),
    ParenR(")", 8..9),
    Do("do", 10..12),
    End("end", 13..16),
    Fn("fn", 18..20),
    Ident("test", 21..25),
    ParenL("(", 25..26),
    Ident("a", 26..27),
    Comma(",", 27..28),
    Ident("b", 29..30),
    Comma(",", 30..31),
    Ident("c", 32..33),
    ParenR(")", 33..34),
    Do("do", 35..37),
    End("end", 38..41),
]
