---
source: src/token/tests.rs
expression: tokenize(&input)
---
[
    Var("var", 0..3),
    Ident("empty", 4..9),
    Eq("=", 10..11),
    BracketL("[", 12..13),
    BracketR("]", 13..14),
    Var("var", 16..19),
    Ident("single", 20..26),
    Eq("=", 27..28),
    BracketL("[", 29..30),
    Integer("0", 30..31),
    BracketR("]", 31..32),
    Var("var", 33..36),
    Ident("single_tc", 37..46),
    Eq("=", 47..48),
    BracketL("[", 49..50),
    Integer("0", 50..51),
    Comma(",", 51..52),
    BracketR("]", 52..53),
    Var("var", 55..58),
    Ident("multi", 59..64),
    Eq("=", 65..66),
    BracketL("[", 67..68),
    Integer("0", 68..69),
    Comma(",", 69..70),
    Integer("1", 71..72),
    Comma(",", 72..73),
    Integer("2", 74..75),
    BracketR("]", 75..76),
    Var("var", 77..80),
    Ident("multi_tc", 81..89),
    Eq("=", 90..91),
    BracketL("[", 92..93),
    Integer("0", 93..94),
    Comma(",", 94..95),
    Integer("1", 96..97),
    Comma(",", 97..98),
    Integer("2", 99..100),
    Comma(",", 100..101),
    BracketR("]", 101..102),
]
