---
source: src/token/tests.rs
expression: tokenize(&input)
---
[
    Fn("fn", 0..2),
    Ident("test", 3..7),
    ParenL("(", 7..8),
    ParenR(")", 8..9),
    Do("do", 10..12),
    Integer("1", 17..18),
    Plus("+", 19..20),
    Integer("1", 21..22),
    End("end", 23..26),
    Fn("fn", 28..30),
    Ident("test", 31..35),
    ParenL("(", 35..36),
    Ident("a", 36..37),
    Comma(",", 37..38),
    Ident("b", 39..40),
    Comma(",", 40..41),
    Ident("c", 42..43),
    ParenR(")", 43..44),
    Do("do", 45..47),
    Integer("1", 52..53),
    Plus("+", 54..55),
    Integer("1", 56..57),
    End("end", 58..61),
]
