---
source: src/parser/tests.rs
expression: snapshot
---
SOURCE
//parse

let simple =
  if true { 0 } else { -1 }

let ternary =
  if true { 1 } else { 0 }

let multi_one =
  if true { 0 }
  else if true { 1 }
  else { -1 }

let mutli_one_else =
  if true { 0 }
  else if true { 1 }
  else { 2 }


OK
Root(
    [
        Var(
            Ident(
                "simple",
            ),
            IfSimple(
                Bool(
                    true,
                ),
                Some(
                    Block(
                        [
                            StmtExpr(
                                Prefix(
                                    Minus,
                                    Int32(
                                        1,
                                    ),
                                ),
                            ),
                        ],
                    ),
                ),
                [
                    StmtExpr(
                        Int32(
                            0,
                        ),
                    ),
                ],
            ),
        ),
        Var(
            Ident(
                "ternary",
            ),
            IfSimple(
                Bool(
                    true,
                ),
                Some(
                    Block(
                        [
                            StmtExpr(
                                Int32(
                                    0,
                                ),
                            ),
                        ],
                    ),
                ),
                [
                    StmtExpr(
                        Int32(
                            1,
                        ),
                    ),
                ],
            ),
        ),
        Var(
            Ident(
                "multi_one",
            ),
            IfMulti(
                Some(
                    Block(
                        [
                            StmtExpr(
                                Prefix(
                                    Minus,
                                    Int32(
                                        1,
                                    ),
                                ),
                            ),
                        ],
                    ),
                ),
                [
                    Branch(
                        Bool(
                            true,
                        ),
                        [
                            StmtExpr(
                                Int32(
                                    0,
                                ),
                            ),
                        ],
                    ),
                    Branch(
                        Bool(
                            true,
                        ),
                        [
                            StmtExpr(
                                Int32(
                                    1,
                                ),
                            ),
                        ],
                    ),
                ],
            ),
        ),
        Var(
            Ident(
                "mutli_one_else",
            ),
            IfMulti(
                Some(
                    Block(
                        [
                            StmtExpr(
                                Int32(
                                    2,
                                ),
                            ),
                        ],
                    ),
                ),
                [
                    Branch(
                        Bool(
                            true,
                        ),
                        [
                            StmtExpr(
                                Int32(
                                    0,
                                ),
                            ),
                        ],
                    ),
                    Branch(
                        Bool(
                            true,
                        ),
                        [
                            StmtExpr(
                                Int32(
                                    1,
                                ),
                            ),
                        ],
                    ),
                ],
            ),
        ),
    ],
)
