---
source: src/parser/tests.rs
expression: snapshot
---
OK
Root(
    [
        FuncDecl(
            Ident(
                "is_prime",
            ),
            Block(
                [
                    StmtExpr(
                        IfSimple(
                            Infix(
                                Lt,
                                GetVar(
                                    Ident(
                                        "n",
                                    ),
                                ),
                                Int(
                                    2,
                                ),
                            ),
                            None,
                            [
                                StmtExpr(
                                    Return(
                                        Some(
                                            Bool(
                                                false,
                                            ),
                                        ),
                                    ),
                                ),
                            ],
                        ),
                    ),
                    Var(
                        Ident(
                            "i",
                        ),
                        Int(
                            2,
                        ),
                    ),
                    Loop(
                        [
                            StmtExpr(
                                IfSimple(
                                    Infix(
                                        Gt,
                                        Infix(
                                            Mul,
                                            GetVar(
                                                Ident(
                                                    "i",
                                                ),
                                            ),
                                            GetVar(
                                                Ident(
                                                    "i",
                                                ),
                                            ),
                                        ),
                                        GetVar(
                                            Ident(
                                                "n",
                                            ),
                                        ),
                                    ),
                                    None,
                                    [
                                        StmtExpr(
                                            Break,
                                        ),
                                    ],
                                ),
                            ),
                            StmtExpr(
                                IfSimple(
                                    Infix(
                                        Eq,
                                        Infix(
                                            Mul,
                                            Infix(
                                                Div,
                                                GetVar(
                                                    Ident(
                                                        "n",
                                                    ),
                                                ),
                                                GetVar(
                                                    Ident(
                                                        "i",
                                                    ),
                                                ),
                                            ),
                                            GetVar(
                                                Ident(
                                                    "i",
                                                ),
                                            ),
                                        ),
                                        GetVar(
                                            Ident(
                                                "n",
                                            ),
                                        ),
                                    ),
                                    None,
                                    [
                                        StmtExpr(
                                            Return(
                                                Some(
                                                    Bool(
                                                        false,
                                                    ),
                                                ),
                                            ),
                                        ),
                                    ],
                                ),
                            ),
                            StmtExpr(
                                SetVar(
                                    None,
                                    GetVar(
                                        Ident(
                                            "i",
                                        ),
                                    ),
                                    Infix(
                                        Add,
                                        GetVar(
                                            Ident(
                                                "i",
                                            ),
                                        ),
                                        Int(
                                            1,
                                        ),
                                    ),
                                ),
                            ),
                        ],
                    ),
                    StmtExpr(
                        Return(
                            Some(
                                Bool(
                                    true,
                                ),
                            ),
                        ),
                    ),
                ],
            ),
            [
                Ident(
                    "n",
                ),
            ],
        ),
    ],
)
