---
source: src/parser/tests.rs
expression: snapshot
---
OK
Root(
    [
        StmtExpr(
            IfSimple(
                Bool(
                    true,
                ),
                None,
                [
                    StmtExpr(
                        Int32(
                            0,
                        ),
                    ),
                ],
            ),
        ),
        StmtExpr(
            IfSimple(
                Bool(
                    false,
                ),
                Some(
                    Block(
                        [
                            StmtExpr(
                                Int32(
                                    1,
                                ),
                            ),
                        ],
                    ),
                ),
                [
                    StmtExpr(
                        Int32(
                            0,
                        ),
                    ),
                ],
            ),
        ),
        StmtExpr(
            IfMulti(
                None,
                [
                    Branch(
                        Bool(
                            true,
                        ),
                        [
                            StmtExpr(
                                Int32(
                                    0,
                                ),
                            ),
                        ],
                    ),
                    Branch(
                        Bool(
                            false,
                        ),
                        [
                            StmtExpr(
                                Int32(
                                    1,
                                ),
                            ),
                        ],
                    ),
                ],
            ),
        ),
        StmtExpr(
            IfMulti(
                Some(
                    Block(
                        [
                            StmtExpr(
                                Int32(
                                    2,
                                ),
                            ),
                        ],
                    ),
                ),
                [
                    Branch(
                        Bool(
                            false,
                        ),
                        [
                            StmtExpr(
                                Int32(
                                    0,
                                ),
                            ),
                        ],
                    ),
                    Branch(
                        Bool(
                            true,
                        ),
                        [
                            StmtExpr(
                                Int32(
                                    1,
                                ),
                            ),
                        ],
                    ),
                ],
            ),
        ),
    ],
)
