---
source: src/parser/tests.rs
expression: snapshot
---
SOURCE
//parse

return
100  // return value


OK
Root(
    [
        StmtExpr(
            Return(
                Some(
                    Int32(
                        100,
                    ),
                ),
            ),
        ),
    ],
)
