---
source: src/vm/tests.rs
expression: snapshot
---
SOURCE
do {
let tests = 0

let i = 0
while i < 3 {
  tests = tests + 1
  i = i + 1
}

let i = 0
while i <= 3 {
  tests = tests + 1
  i = i + 1
}

let i = 5
while i > 2 {
  tests = tests + 1
  i = i - 1
}

let i = 5
while i >= 2 {
  tests = tests + 1
  i = i - 1
}

tests
}

OK
Int(14)
