---
source: src/codegen/tests.rs
expression: snapshot
---
SOURCE
let a = 0
let b = 1

if not (a < b) {}   // isge
if not (a > b) {}   // isle
if not (a <= b) {}  // isgt
if not (a >= b) {}  // islt
if not (a == b) {}  // isne
if not (a != b) {}  // iseq


OK
.fn @main
  params 0
  stack 4
  .locals
    a = r1
    b = r2
  .code
   0  lsmi r1, 0
   1  lsmi r2, 1
   2  isge r1, r2
   3  jmp 2   ; to 5
   4  lnil r3
   5  isle r1, r2
   6  jmp 2   ; to 8
   7  lnil r3
   8  isgt r1, r2
   9  jmp 2   ; to 11
  10  lnil r3
  11  islt r1, r2
  12  jmp 2   ; to 14
  13  lnil r3
  14  isne r1, r2
  15  jmp 2   ; to 17
  16  lnil r3
  17  iseq r1, r2
  18  jmp 2   ; to 20
  19  lnil r0
  20  ret
