---
source: src/codegen/tests.rs
expression: snapshot
---
SOURCE
do {
fn f(a, b, c) {}

// unused value with args, that means the call expr
// doesn't receive a register, and must allocate all
f(0, 1, 2)

nil
}

OK
.fn @main
  params 0
  stack 6
  .locals
    f = r1
  .code
  0  lclosure r1, l0   ; f, uv=0
  1  lsmi r3, 0
  2  lsmi r4, 1
  3  lsmi r5, 2
  4  call r2, r1, 3   ; dyn
  5  lnil r0
  6  ret

.fn f
  params 3
  stack 4
  .locals
    a = r1
    b = r2
    c = r3
  .code
  0  lnil r0
  1  ret
