---
source: src/codegen/tests.rs
expression: snapshot
---
OK
.fn @main
  params 0
  stack 5
  .locals
    x = r1
    y = r2
    z = r3
  .code
   0  lsmi r1, 1
   1  lsmi r2, 0
   2  lnil r3
   3  istrue r1
   4  jmp 4   ; to 8
   5  lsmi r0, 1
   6  ret
   7  lnil r4
   8  istrue r2
   9  jmp 4   ; to 13
  10  lsmi r0, 2
  11  ret
  12  lnil r4
  13  istrue r3
  14  jmp 4   ; to 18
  15  lsmi r0, 3
  16  ret
  17  lnil r0
  18  ret
