---
source: src/codegen/tests.rs
expression: snapshot
---
SOURCE
//module

fn a() {
  let v = 0

  let b = fn() {
    v
  }
}

OK
.fn @main
  params 0
  stack 1
  .code
  0  lnil r0
  1  ret

.fn a
  params 0
  stack 3
  .locals
    v = r1
    b = r2
  .code
  0  lsmi r1, 0
  1  lclosure r2, l0   ; closure{@47..58}, uv=1
  2  lnil r0
  3  ret

.fn closure{@47..58}
  params 0
  stack 1
  .upvalues
    v = r1
  .code
  0  luv r0, u0
  1  ret
