---
source: src/codegen/tests.rs
expression: snapshot
---
SOURCE
do {
let v = nil

if v == nil { "ok" } else { "err" }
}

OK
.fn @main
  params 0
  stack 2
  .locals
    v = r1
  .code
  0  lnil r1
  1  isnil r1
  2  jmp 3   ; to 5
  3  lstr r0, "ok"
  4  jmp 2   ; to 6
  5  lstr r0, "err"
  6  ret
