---
source: src/codegen/tests.rs
expression: snapshot
---
SOURCE
let a = 5
let b = 3

if a + b { return 1 }
if a - 5 { return 2 }
if a * 0 { return 3 }


OK
.fn @main
  params 0
  stack 4
  .locals
    a = r1
    b = r2
  .code
   0  lsmi r1, 5
   1  lsmi r2, 3
   2  add r3, r1, r2
   3  istrue r3
   4  jmp 4   ; to 8
   5  lsmi r0, 1
   6  ret
   7  lnil r3
   8  sub r3, r1, 5
   9  istrue r3
  10  jmp 4   ; to 14
  11  lsmi r0, 2
  12  ret
  13  lnil r3
  14  mul r0, r1, 0
  15  istrue r0
  16  jmp 4   ; to 20
  17  lsmi r0, 3
  18  ret
  19  lnil r0
  20  ret
