---
source: src/codegen/tests.rs
expression: snapshot
---
OK
.fn @main
  params 0
  stack 3
  .locals
    v = r1
  .code
  0  lsmi r1, 0
  1  mov r2, r1
  2  call r1, fn1   ; fn1=f
  3  mov r0, r1
  4  ret

.fn f
  params 1
  stack 2
  .locals
    v = r1
  .code
  0  lsmi r1, 1
  1  mov r0, r1
  2  ret
