---
source: src/codegen/tests.rs
expression: snapshot
---
SOURCE
do {
fn a() {
  let v = 0

  let b = fn() {
    fn c() {
      // won't work, because a regular `fn` is in the path
      let d = fn() {
        v
      }
    }
  }
}
}

ERROR
functions can't capture variables from outer scope
3 |    let v = 0
  |        ^
  |
  > help: use a closure instead: `let f = fn() {}`
