---
source: src/codegen/tests.rs
expression: snapshot
---
OK
.fn @main
  params 0
  stack 5
  .locals
    a = r1
    b = r2
  .code
  0  lsmi r1, 0
  1  lsmi r2, 1
  2  lsmi r4, 1
  3  call r3, fn1   ; fn1=f
  4  mov r1, r3
  5  ret

.fn f
  params 1
  stack 2
  .locals
    v = r1
  .code
  0  lnil r0
  1  ret
