---
source: src/codegen/tests.rs
expression: snapshot
---
SOURCE
do {
let v = true

if v != true { "err" } else { "ok" }
}

OK
.fn @main
  params 0
  stack 2
  .locals
    v = r1
  .code
  0  ltrue r1
  1  isfalse r1
  2  jmp 3   ; to 5
  3  lstr r0, "err"
  4  jmp 2   ; to 6
  5  lstr r0, "ok"
  6  ret
