---
source: src/codegen/tests.rs
expression: snapshot
---
SOURCE
// compiler can't know what function `c` is, it may not even
// be a function at all. so it emits a "dyn" call which performs
// type/arity checking at runtime.
fn f(c) { c() }


OK
.fn @main
  params 0
  stack 1
  .code
  0  lnil r0
  1  ret

.fn f
  params 1
  stack 2
  .locals
    c = r1
  .code
  0  mov r0, r1
  1  call r0, 0   ; dyn
  2  ret
